exports[`a snapshot test 1`] = `
Object {
  "circular": [Circular],
  "foo": 1,
}
`;
